2026-07-17 08:18:49,051 [INFO] Login success for admin
2026-07-17 08:18:49,051 [INFO] 用户登录成功: admin
2026-07-17 08:18:53,854 [WARNING] 用户登录失败: x
2026-07-17 08:18:54,457 [WARNING] 用户登录失败: x
2026-07-17 08:18:55,055 [WARNING] 用户登录失败: x
2026-07-17 08:18:55,669 [WARNING] 用户登录失败: x
2026-07-17 08:18:56,264 [WARNING] 用户登录失败: x
2026-07-17 08:18:56,932 [INFO] 生成 CSRF Token
2026-07-17 08:19:10,072 [INFO] 新增规则 1: 12345 -> 1.2.3.4:8080
2026-07-17 08:19:10,076 [ERROR] 规则 1 下发失败: HTTP 500，已回滚数据库
2026-07-17 08:19:11,950 [INFO] 更新 IP 白名单: 3 条
2026-07-17 08:19:13,147 [INFO] Login success for admin
2026-07-17 08:19:13,147 [INFO] 用户登录成功: admin
2026-07-17 08:19:14,321 [INFO] 用户修改密码: admin
2026-07-17 08:19:16,720 [WARNING] 标记 1 条规则为 desynced，原因: agent_sync_failed
2026-07-17 08:19:38,057 [INFO] Login success for admin
2026-07-17 08:19:38,057 [INFO] 用户登录成功: admin
2026-07-17 08:19:42,808 [WARNING] 用户登录失败: x
2026-07-17 08:19:43,405 [WARNING] 用户登录失败: x
2026-07-17 08:19:44,043 [WARNING] 用户登录失败: x
2026-07-17 08:19:44,639 [WARNING] 用户登录失败: x
2026-07-17 08:19:45,235 [WARNING] 用户登录失败: x
2026-07-17 08:19:45,914 [INFO] 生成 CSRF Token
2026-07-17 08:19:59,064 [INFO] 新增规则 1: 12345 -> 1.2.3.4:8080
2026-07-17 08:19:59,068 [ERROR] 规则 1 下发失败: HTTP 500，已回滚数据库
2026-07-17 08:20:00,847 [INFO] 更新 IP 白名单: 3 条
2026-07-17 08:20:02,018 [INFO] Login success for admin
2026-07-17 08:20:02,018 [INFO] 用户登录成功: admin
2026-07-17 08:20:03,188 [INFO] 用户修改密码: admin
2026-07-17 08:20:05,602 [WARNING] 标记 1 条规则为 desynced，原因: agent_sync_failed
2026-07-17 08:21:37,434 [INFO] Login success for admin
2026-07-17 08:21:37,438 [INFO] 用户登录成功: admin
2026-07-17 08:21:42,349 [WARNING] 用户登录失败: x
2026-07-17 08:21:42,965 [WARNING] 用户登录失败: x
2026-07-17 08:21:43,568 [WARNING] 用户登录失败: x
2026-07-17 08:21:44,247 [WARNING] 用户登录失败: x
2026-07-17 08:21:44,870 [WARNING] 用户登录失败: x
2026-07-17 08:21:45,592 [INFO] 生成 CSRF Token
2026-07-17 08:21:56,457 [WARNING] 拒绝恢复备份：路径不在 BACKUP_DIR 范围内 (/etc)
2026-07-17 08:21:57,661 [WARNING] 拒绝恢复备份：路径不在 BACKUP_DIR 范围内 (/tmp/tmp0socnwbq/backups/../..)
2026-07-17 08:21:58,866 [INFO] 新增规则 1: 12345 -> 1.2.3.4:8080
2026-07-17 08:21:58,869 [ERROR] 规则 1 下发失败: HTTP 500，已回滚数据库
2026-07-17 08:22:00,647 [INFO] 更新 IP 白名单: 3 条
2026-07-17 08:22:01,838 [INFO] Login success for admin
2026-07-17 08:22:01,839 [INFO] 用户登录成功: admin
2026-07-17 08:22:03,042 [INFO] 用户修改密码: admin
2026-07-17 08:22:05,517 [WARNING] 标记 1 条规则为 desynced，原因: agent_sync_failed
2026-07-17 08:25:27,347 [INFO] Login success for admin
2026-07-17 08:25:27,347 [INFO] 用户登录成功: admin
2026-07-17 08:25:32,072 [WARNING] 用户登录失败: x
2026-07-17 08:25:32,658 [WARNING] 用户登录失败: x
2026-07-17 08:25:33,251 [WARNING] 用户登录失败: x
2026-07-17 08:25:33,844 [WARNING] 用户登录失败: x
2026-07-17 08:25:34,432 [WARNING] 用户登录失败: x
2026-07-17 08:25:35,090 [INFO] 生成 CSRF Token
2026-07-17 08:25:45,864 [WARNING] 拒绝恢复备份：路径不在 BACKUP_DIR 范围内 (/etc)
2026-07-17 08:25:47,056 [WARNING] 拒绝恢复备份：路径不在 BACKUP_DIR 范围内 (/tmp/tmpehtqw7bv/backups/../..)
2026-07-17 08:25:48,266 [INFO] 新增规则 1: 12345 -> 1.2.3.4:8080
2026-07-17 08:25:48,270 [ERROR] 规则 1 下发失败: HTTP 500，已回滚数据库
2026-07-17 08:25:50,069 [INFO] 更新 IP 白名单: 3 条
2026-07-17 08:25:51,274 [INFO] Login success for admin
2026-07-17 08:25:51,274 [INFO] 用户登录成功: admin
2026-07-17 08:25:52,458 [INFO] 用户修改密码: admin
2026-07-17 08:25:54,952 [WARNING] 标记 1 条规则为 desynced，原因: agent_sync_failed
2026-07-17 09:10:59,963 [INFO] Login success for admin
2026-07-17 09:10:59,964 [INFO] 用户登录成功: admin
2026-07-17 09:11:04,760 [WARNING] 用户登录失败: x
2026-07-17 09:11:05,353 [WARNING] 用户登录失败: x
2026-07-17 09:11:05,961 [WARNING] 用户登录失败: x
2026-07-17 09:11:06,576 [WARNING] 用户登录失败: x
2026-07-17 09:11:07,170 [WARNING] 用户登录失败: x
2026-07-17 09:11:07,823 [INFO] 生成 CSRF Token
2026-07-17 09:11:18,501 [WARNING] 拒绝恢复备份：路径不在 BACKUP_DIR 范围内 (/etc)
2026-07-17 09:11:19,685 [WARNING] 拒绝恢复备份：路径不在 BACKUP_DIR 范围内 (/tmp/tmphmvx6ead/backups/../..)
2026-07-17 09:11:20,877 [INFO] 新增规则 1: 12345 -> 1.2.3.4:8080
2026-07-17 09:11:20,879 [ERROR] 规则 1 下发失败: HTTP 500，已回滚数据库
2026-07-17 09:11:22,626 [INFO] 更新 IP 白名单: 3 条
2026-07-17 09:11:23,797 [INFO] Login success for admin
2026-07-17 09:11:23,798 [INFO] 用户登录成功: admin
2026-07-17 09:11:24,969 [INFO] 用户修改密码: admin
2026-07-17 09:11:27,331 [WARNING] 标记 1 条规则为 desynced，原因: agent_sync_failed
